// Jest Snapshot v1, https://goo.gl/fbAQLP

exports[`Data collection screen should mount with mapStateToProps reduced 1`] = `
Object {
  "bundleError": null,
  "bundleTaskHref": null,
  "fetchBundleTaskAction": [Function],
  "isBundleTaskFinished": null,
  "isFetchingBundleTask": false,
  "isPayloadReady": false,
  "numVms": null,
  "onCancelClick": [Function],
  "onReturnClick": [Function],
  "payloadHost": null,
  "payloadPath": null,
  "resetDataCollectionStateAction": [Function],
  "selectedProviders": Array [],
  "startInventoryBundleAction": [Function],
}
`;
