// Jest Snapshot v1, https://goo.gl/fbAQLP

exports[`analytics reducer constructs initial state correctly 1`] = `
Object {
  "bundleStartResult": null,
  "bundleTask": null,
  "changeManifestResult": null,
  "detailedDataSelected": false,
  "errorChangingManifest": null,
  "errorFetchingBundleTask": null,
  "errorFetchingManifestInfo": null,
  "errorStartingBundle": null,
  "isChangingManifest": false,
  "isFetchingBundleTask": false,
  "isFetchingManifestInfo": false,
  "isStartingBundle": false,
  "manifestInfo": null,
  "manifestUpdateModalVisible": false,
  "selectedProviders": Array [],
  "summaryData": null,
}
`;
