// Jest Snapshot v1, https://goo.gl/fbAQLP

exports[`Analytics root component renders container without cards-pf class when not on empty state screen 1`] = `
<div
  className=""
  id="migration-analytics"
>
  <Connect(AnalyticsSummary)
    onCollectInventoryClick={[Function]}
  />
</div>
`;

exports[`Analytics root component renders toolbar and empty state correctly 1`] = `
<Fragment>
  <Toolbar>
    <BreadcrumbItem
      active={true}
    >
      Compute
    </BreadcrumbItem>
    <BreadcrumbItem
      active={true}
    >
      Migration
    </BreadcrumbItem>
    <BreadcrumbItem
      active={true}
    >
      <strong>
        Migration Analytics
      </strong>
    </BreadcrumbItem>
  </Toolbar>
  <div
    className="row cards-pf"
    id="migration-analytics"
  >
    <AnalyticsEmptyState
      onGetStartedClick={[Function]}
    />
  </div>
  <ManifestVersion
    className="on-empty-state"
    isLoadingManifest={false}
    manifestError={null}
    manifestInfo={null}
    manifestUpdateModalVisible={false}
    resetManifestAction={[Function]}
    toggleManifestUpdateModalAction={[Function]}
    uploadManifestAction={[Function]}
  />
</Fragment>
`;
