// Jest Snapshot v1, https://goo.gl/fbAQLP

exports[`reports reducer constructs initial state correctly 1`] = `
Object {
  "errorFetchingReports": null,
  "errorFetchingResult": null,
  "errorFetchingTask": null,
  "errorRunningReport": null,
  "fetchingResultHrefs": Array [],
  "fetchingTaskHrefs": Array [],
  "numReportFetchesPending": 0,
  "reportRunsByHref": Object {},
  "reports": Array [],
  "resultsByHref": Object {},
  "runningReportHrefs": Array [],
  "tasksByHref": Object {},
}
`;
